+ /Users/alexanderhuth/Code/bb-play-harness/.venv/bin/python /Users/alexanderhuth/Code/bb-harness-search/tools/droplet_tournament.py merge --out /Users/alexanderhuth/Code/bb-play-harness/.play-artifacts/tournaments/tctl-gate-20261008/main --shard /Users/alexanderhuth/Code/bb-play-harness/.play-artifacts/tournaments/tctl-gate-20261008-s1/main --shard /Users/alexanderhuth/Code/bb-play-harness/.play-artifacts/tournaments/tctl-gate-20261008-s2/main --shard /Users/alexanderhuth/Code/bb-play-harness/.play-artifacts/tournaments/tctl-gate-20261008-s3/main --shard /Users/alexanderhuth/Code/bb-play-harness/.play-artifacts/tournaments/tctl-gate-20261008-s4/main
[05:23:19] merged 4 shards, 25600 games, 8 pairs into /Users/alexanderhuth/Code/bb-play-harness/.play-artifacts/tournaments/tctl-gate-20261008/main
next: OMP_NUM_THREADS=1 .venv/bin/python -m play_harness.tournament_stats --run-dir /Users/alexanderhuth/Code/bb-play-harness/.play-artifacts/tournaments/tctl-gate-20261008/main --json /Users/alexanderhuth/Code/bb-play-harness/.play-artifacts/tournaments/tctl-gate-20261008/main/report.json
+ /Users/alexanderhuth/Code/bb-play-harness/.venv/bin/python /Users/alexanderhuth/Code/bb-play-harness/.play-artifacts/tournaments/tctl-gate-20261008/accept_from_plan.py /Users/alexanderhuth/Code/bb-play-harness/.play-artifacts/tournaments/tctl-gate-20261008/PLAN.json /Users/alexanderhuth/Code/bb-play-harness/.play-artifacts/tournaments/tctl-gate-20261008/main --expect-sha256 80dcbb558a1849c7ce1f33032df7b629a5602daab3a0e3f119f57958f6fed5ae
GATE-ACCEPTED 25600 games, 8 pairs, seed0 25100000, games_per_worker 1, commit 5ab3ab6
MASKS-ACCEPTED 25600 masked sides in 25600 games as registered, no sampling offsets, 0 truncated, 0 mask fallbacks
SEARCH-ACCEPTED 0 searched games of 25600 as registered; no searched decision; 0 cap-rejected decisions (0.000%), 0 cutoff rollouts of 0, 0 error rollouts; 0 identity game(s) equal to the plain game; 8 pair(s) held to the plan's schedule
REPLAY-ACCEPTED 6400 games equal to the reference run's on action_trail_sha256, final_digest, score, c_steps, decisions, engine_decisions, team_ids, sampling_seeds, turns, half, final_status; library 32632f03 as the reference's
integrity totals {"error_episodes": 0, "illegal": 0, "precheck_collisions": 0, "projection_collision": 0, "rejected_submissions": 0}; unnatural endings 0
plan /Users/alexanderhuth/Code/bb-play-harness/.play-artifacts/tournaments/tctl-gate-20261008/PLAN.json sha256 80dcbb558a1849c7ce1f33032df7b629a5602daab3a0e3f119f57958f6fed5ae
acceptance tool sha256 71cb6d6b9d0944e06ab8af6cfeaee76caba0da43f3b4e2367c9ce9a2bde015ad; search acceptance tool sha256 2b429a42c199581c3a2504d9e2d18da49b15fc01251b1d42e4f247ac8cf6f2d9; this script sha256 fa3152e543fe0d738e3c5334c2a7d30684880aaf553f3784ef9cd68c3adcc6f6
games.jsonl sha256 99198f6e44f51085e820f7ed833d9deea633d97310442c8d568a527afe0a1b90
+ /Users/alexanderhuth/Code/bb-play-harness/.venv/bin/python -m play_harness.tournament_stats --run-dir /Users/alexanderhuth/Code/bb-play-harness/.play-artifacts/tournaments/tctl-gate-20261008/main --json /Users/alexanderhuth/Code/bb-play-harness/.play-artifacts/tournaments/tctl-gate-20261008/main/report.json
+ /Users/alexanderhuth/Code/bb-play-harness/.venv/bin/python /Users/alexanderhuth/Code/bb-play-harness/.play-artifacts/tournaments/tctl-gate-20261008/paired_contrasts.py /Users/alexanderhuth/Code/bb-play-harness/.play-artifacts/tournaments/tctl-gate-20261008/main/gain_t075 c55m1t075 c55m1 chain37 chain46
c55m1t075 minus c55m1 against chain37: decisive-Elo +5.6 [-12.0, +23.5] (arm +195.6, control +190.0; 1600 seed clusters)
c55m1t075 minus c55m1 against chain46: decisive-Elo +8.2 [-10.2, +27.0] (arm +205.2, control +197.0; 1600 seed clusters)
+ /Users/alexanderhuth/Code/bb-play-harness/.venv/bin/python /Users/alexanderhuth/Code/bb-play-harness/.play-artifacts/tournaments/tctl-gate-20261008/paired_contrasts.py /Users/alexanderhuth/Code/bb-play-harness/.play-artifacts/tournaments/tctl-gate-20261008/main/gain_t05 c55m1t05 c55m1 chain37 chain46
c55m1t05 minus c55m1 against chain37: decisive-Elo +21.3 [+1.5, +40.9] (arm +211.3, control +190.0; 1600 seed clusters)
c55m1t05 minus c55m1 against chain46: decisive-Elo +3.1 [-15.8, +22.2] (arm +200.1, control +197.0; 1600 seed clusters)
+ /Users/alexanderhuth/Code/bb-play-harness/.venv/bin/python /Users/alexanderhuth/Code/bb-play-harness/.play-artifacts/tournaments/tctl-gate-20261008/paired_contrasts.py /Users/alexanderhuth/Code/bb-play-harness/.play-artifacts/tournaments/tctl-gate-20261008/main/gain_t025 c55m1t025 c55m1 chain37 chain46
c55m1t025 minus c55m1 against chain37: decisive-Elo +13.0 [-6.1, +34.0] (arm +203.0, control +190.0; 1600 seed clusters)
c55m1t025 minus c55m1 against chain46: decisive-Elo +11.9 [-8.2, +32.0] (arm +208.9, control +197.0; 1600 seed clusters)
+ /Users/alexanderhuth/Code/bb-play-harness/.venv/bin/python /Users/alexanderhuth/Code/bb-play-harness/.play-artifacts/tournaments/tctl-gate-20261008/paired_contrasts.py /Users/alexanderhuth/Code/bb-play-harness/.play-artifacts/tournaments/tctl-gate-20261008/main/margin_t075 c55m1s c55m1t075 chain37 chain46
c55m1s minus c55m1t075 against chain37: decisive-Elo +40.0 [+20.2, +59.9] (arm +235.5, control +195.6; 1600 seed clusters)
c55m1s minus c55m1t075 against chain46: decisive-Elo +37.1 [+16.4, +57.9] (arm +242.3, control +205.2; 1600 seed clusters)
+ /Users/alexanderhuth/Code/bb-play-harness/.venv/bin/python /Users/alexanderhuth/Code/bb-play-harness/.play-artifacts/tournaments/tctl-gate-20261008/paired_contrasts.py /Users/alexanderhuth/Code/bb-play-harness/.play-artifacts/tournaments/tctl-gate-20261008/main/margin_t05 c55m1s c55m1t05 chain37 chain46
c55m1s minus c55m1t05 against chain37: decisive-Elo +24.2 [+2.7, +45.3] (arm +235.5, control +211.3; 1600 seed clusters)
c55m1s minus c55m1t05 against chain46: decisive-Elo +42.2 [+22.3, +63.1] (arm +242.3, control +200.1; 1600 seed clusters)
+ /Users/alexanderhuth/Code/bb-play-harness/.venv/bin/python /Users/alexanderhuth/Code/bb-play-harness/.play-artifacts/tournaments/tctl-gate-20261008/paired_contrasts.py /Users/alexanderhuth/Code/bb-play-harness/.play-artifacts/tournaments/tctl-gate-20261008/main/margin_t025 c55m1s c55m1t025 chain37 chain46
c55m1s minus c55m1t025 against chain37: decisive-Elo +32.5 [+10.0, +53.1] (arm +235.5, control +203.0; 1600 seed clusters)
c55m1s minus c55m1t025 against chain46: decisive-Elo +33.4 [+12.3, +55.5] (arm +242.3, control +208.9; 1600 seed clusters)
+ /Users/alexanderhuth/Code/bb-play-harness/.venv/bin/python /Users/alexanderhuth/Code/bb-play-harness/.play-artifacts/tournaments/tctl-gate-20261008/gate_diagnostics.py /Users/alexanderhuth/Code/bb-play-harness/.play-artifacts/tournaments/tctl-gate-20261008/PLAN.json /Users/alexanderhuth/Code/bb-play-harness/.play-artifacts/tournaments/tctl-gate-20261008/main
SCORED
