MANIFESTS-CHECKED 1 manifest(s): every player's blob hash, producer and compatibility blocks are the registered ones
+ /Users/alexanderhuth/Code/bb-play-harness/.venv/bin/python /Users/alexanderhuth/Code/bb-play-harness/.play-artifacts/tournaments/distill-mac-rehearsal-r3b-20261008/accept_from_plan.py /Users/alexanderhuth/Code/bb-play-harness/.play-artifacts/tournaments/distill-mac-rehearsal-r3b-20261008/PLAN.json /Users/alexanderhuth/Code/bb-play-harness/.play-artifacts/tournaments/distill-mac-rehearsal-r3b-20261008/main --expect-sha256 27d9a3d24f5ee639d79d1e4298d3f5a226d8ef6cecc719cad9d537f04126e29e
GATE-ACCEPTED 256 games, 8 pairs, seed0 29980870, games_per_worker 32, commit 5ab3ab6
MASKS-ACCEPTED 256 masked sides in 256 games as registered, no sampling offsets, 0 truncated, 0 mask fallbacks
SEARCH-ACCEPTED 0 searched games of 256 as registered; no searched decision; 0 cap-rejected decisions (0.000%), 0 cutoff rollouts of 0, 0 error rollouts; 0 identity game(s) equal to the plain game; 8 pair(s) held to the plan's schedule
SIDECARS-ACCEPTED 6 players' blobs and lineage sidecars as registered, and the manifest's producer blocks are the sidecars'
integrity totals {"error_episodes": 0, "illegal": 0, "precheck_collisions": 0, "projection_collision": 0, "rejected_submissions": 0}; unnatural endings 0
plan /Users/alexanderhuth/Code/bb-play-harness/.play-artifacts/tournaments/distill-mac-rehearsal-r3b-20261008/PLAN.json sha256 27d9a3d24f5ee639d79d1e4298d3f5a226d8ef6cecc719cad9d537f04126e29e
acceptance tool sha256 71cb6d6b9d0944e06ab8af6cfeaee76caba0da43f3b4e2367c9ce9a2bde015ad; search acceptance tool sha256 2b429a42c199581c3a2504d9e2d18da49b15fc01251b1d42e4f247ac8cf6f2d9; this script sha256 ee2325401a32d735d884394aabb33b9a81d820da97a0d1b0b5a4962010329c33
games.jsonl sha256 812061416f826a7e8ddb9579ee1751f1327a3a7d0c2bfd3c4b2e7c5520b27bfe
+ /Users/alexanderhuth/Code/bb-play-harness/.venv/bin/python -m play_harness.tournament_stats --run-dir /Users/alexanderhuth/Code/bb-play-harness/.play-artifacts/tournaments/distill-mac-rehearsal-r3b-20261008/main --json /Users/alexanderhuth/Code/bb-play-harness/.play-artifacts/tournaments/distill-mac-rehearsal-r3b-20261008/main/report.json
+ /Users/alexanderhuth/Code/bb-play-harness/.venv/bin/python /Users/alexanderhuth/Code/bb-play-harness/.play-artifacts/tournaments/distill-mac-rehearsal-r3b-20261008/paired_contrasts.py /Users/alexanderhuth/Code/bb-play-harness/.play-artifacts/tournaments/distill-mac-rehearsal-r3b-20261008/main/dose_c55d1l1 c55d1l1 c55m1 chain37 chain46
c55d1l1 minus c55m1 against chain37: decisive-Elo +50.0 [-163.0, +276.2] (arm +240.8, control +190.8; 16 seed clusters)
c55d1l1 minus c55m1 against chain46: decisive-Elo -311.3 [-4692.5, -111.1] (arm +0.0, control +311.3; 16 seed clusters)
+ /Users/alexanderhuth/Code/bb-play-harness/.venv/bin/python /Users/alexanderhuth/Code/bb-play-harness/.play-artifacts/tournaments/distill-mac-rehearsal-r3b-20261008/paired_contrasts.py /Users/alexanderhuth/Code/bb-play-harness/.play-artifacts/tournaments/distill-mac-rehearsal-r3b-20261008/main/label_c55d1l4 c55d1l4 c55m1 chain37 chain46
c55d1l4 minus c55m1 against chain37: decisive-Elo -112.3 [-391.1, +135.4] (arm +78.5, control +190.8; 16 seed clusters)
c55d1l4 minus c55m1 against chain46: decisive-Elo -190.8 [-4609.4, +70.4] (arm +120.4, control +311.3; 16 seed clusters)
+ /Users/alexanderhuth/Code/bb-play-harness/.venv/bin/python /Users/alexanderhuth/Code/bb-play-harness/.play-artifacts/tournaments/distill-mac-rehearsal-r3b-20261008/paired_contrasts.py /Users/alexanderhuth/Code/bb-play-harness/.play-artifacts/tournaments/distill-mac-rehearsal-r3b-20261008/main/dose_c55d1l16 c55d1l16 c55m1 chain37 chain46
c55d1l16 minus c55m1 against chain37: decisive-Elo +21.7 [-194.7, +272.5] (arm +212.6, control +190.8; 16 seed clusters)
c55d1l16 minus c55m1 against chain46: decisive-Elo -167.7 [-4559.2, +72.0] (arm +143.6, control +311.3; 16 seed clusters)
+ /Users/alexanderhuth/Code/bb-play-harness/.venv/bin/python /Users/alexanderhuth/Code/bb-play-harness/.play-artifacts/tournaments/distill-mac-rehearsal-r3b-20261008/gate_diagnostics.py /Users/alexanderhuth/Code/bb-play-harness/.play-artifacts/tournaments/distill-mac-rehearsal-r3b-20261008/PLAN.json /Users/alexanderhuth/Code/bb-play-harness/.play-artifacts/tournaments/distill-mac-rehearsal-r3b-20261008/main
c55d1l1 v chain37: 0 of 32 seed-legs have the control's action trail
c55d1l1 v chain46: 0 of 32 seed-legs have the control's action trail
c55d1l4 v chain37: 0 of 32 seed-legs have the control's action trail
c55d1l4 v chain46: 0 of 32 seed-legs have the control's action trail
c55d1l16 v chain37: 0 of 32 seed-legs have the control's action trail
c55d1l16 v chain46: 0 of 32 seed-legs have the control's action trail
READING (c55d1l4 minus c55m1; first match of Unread, Negative, Positive, Flat, Inconclusive): Inconclusive
SCORED
